> Task :app:preBuild UP-TO-DATE
> Task :app:preDebugBuild UP-TO-DATE
> Task :app:generateDebugBuildConfig UP-TO-DATE
> Task :app:checkDebugAarMetadata UP-TO-DATE
> Task :app:processDebugNavigationResources UP-TO-DATE
> Task :app:compileDebugNavigationResources UP-TO-DATE
> Task :app:generateDebugResValues UP-TO-DATE
> Task :app:processDebugGoogleServices UP-TO-DATE
> Task :app:mapDebugSourceSetPaths UP-TO-DATE
> Task :app:generateDebugResources UP-TO-DATE
> Task :app:mergeDebugResources UP-TO-DATE
> Task :app:packageDebugResources UP-TO-DATE
> Task :app:parseDebugLocalResources UP-TO-DATE
> Task :app:createDebugCompatibleScreenManifests UP-TO-DATE
> Task :app:extractDeepLinksDebug UP-TO-DATE
> Task :app:processDebugMainManifest UP-TO-DATE
> Task :app:processDebugManifest UP-TO-DATE
> Task :app:processDebugManifestForPackage UP-TO-DATE
> Task :app:processDebugResources UP-TO-DATE
> Task :app:javaPreCompileDebug UP-TO-DATE
> Task :app:preDebugAndroidTestBuild SKIPPED
> Task :app:processDebugAndroidTestManifest UP-TO-DATE
> Task :app:generateDebugAndroidTestBuildConfig UP-TO-DATE
> Task :app:checkDebugAndroidTestAarMetadata UP-TO-DATE
> Task :app:processDebugAndroidTestNavigationResources UP-TO-DATE
> Task :app:compileDebugAndroidTestNavigationResources UP-TO-DATE
> Task :app:generateDebugAndroidTestResValues UP-TO-DATE
> Task :app:mapDebugAndroidTestSourceSetPaths UP-TO-DATE
> Task :app:generateDebugAndroidTestResources UP-TO-DATE
> Task :app:mergeDebugAndroidTestResources UP-TO-DATE
> Task :app:processDebugAndroidTestResources UP-TO-DATE
> Task :app:javaPreCompileDebugAndroidTest UP-TO-DATE
> Task :app:mergeDebugShaders UP-TO-DATE
> Task :app:compileDebugShaders NO-SOURCE
> Task :app:generateDebugAssets UP-TO-DATE
> Task :app:mergeDebugAssets UP-TO-DATE
> Task :app:compressDebugAssets UP-TO-DATE
> Task :app:generateDebugJacocoPropertiesFile UP-TO-DATE
> Task :app:checkDebugDuplicateClasses UP-TO-DATE
> Task :app:desugarDebugFileDependencies UP-TO-DATE
> Task :app:mergeExtDexDebug UP-TO-DATE
> Task :app:mergeLibDexDebug UP-TO-DATE
> Task :app:mergeDebugJniLibFolders UP-TO-DATE
> Task :app:mergeDebugNativeLibs UP-TO-DATE
> Task :app:stripDebugDebugSymbols UP-TO-DATE
> Task :app:validateSigningDebug UP-TO-DATE
> Task :app:writeDebugAppMetadata UP-TO-DATE
> Task :app:writeDebugSigningConfigVersions UP-TO-DATE
> Task :app:mergeDebugAndroidTestShaders UP-TO-DATE
> Task :app:compileDebugAndroidTestShaders NO-SOURCE
> Task :app:generateDebugAndroidTestAssets UP-TO-DATE
> Task :app:mergeDebugAndroidTestAssets UP-TO-DATE
> Task :app:compressDebugAndroidTestAssets UP-TO-DATE
> Task :app:checkDebugAndroidTestDuplicateClasses UP-TO-DATE
> Task :app:desugarDebugAndroidTestFileDependencies UP-TO-DATE
> Task :app:mergeExtDexDebugAndroidTest UP-TO-DATE
> Task :app:mergeLibDexDebugAndroidTest UP-TO-DATE
> Task :app:mergeDebugAndroidTestJniLibFolders UP-TO-DATE
> Task :app:mergeDebugAndroidTestNativeLibs UP-TO-DATE
> Task :app:stripDebugAndroidTestDebugSymbols UP-TO-DATE
> Task :app:validateSigningDebugAndroidTest UP-TO-DATE
> Task :app:writeDebugAndroidTestSigningConfigVersions UP-TO-DATE
> Task :app:compileDebugKotlin
> Task :app:compileDebugJavaWithJavac UP-TO-DATE
> Task :app:processDebugJavaRes UP-TO-DATE
> Task :app:mergeDebugJavaResource UP-TO-DATE
> Task :app:bundleDebugClassesToCompileJar
> Task :app:jacocoDebug
> Task :app:dexBuilderDebug
> Task :app:mergeProjectDexDebug
> Task :app:packageDebug
> Task :app:createDebugApkListingFileRedirect UP-TO-DATE
> Task :app:compileDebugAndroidTestKotlin
> Task :app:compileDebugAndroidTestJavaWithJavac UP-TO-DATE
> Task :app:processDebugAndroidTestJavaRes UP-TO-DATE
> Task :app:mergeDebugAndroidTestJavaResource UP-TO-DATE
> Task :app:dexBuilderDebugAndroidTest UP-TO-DATE
> Task :app:mergeProjectDexDebugAndroidTest UP-TO-DATE
> Task :app:packageDebugAndroidTest UP-TO-DATE
> Task :app:createDebugAndroidTestApkListingFileRedirect UP-TO-DATE

> Task :app:connectedDebugAndroidTest
Starting 176 tests on Pixel_8(AVD) - 14

Pixel_8(AVD) - 14 Tests 78/176 completed. (0 skipped) (0 failed)

> Task :app:connectedDebugAndroidTest

ch.epfllife.ui.authentication.SignInScreenTest > canHandleSignInFailureInvalidCredentials[Pixel_8(AVD) - 14] [31mFAILED [0m
	java.lang.AssertionError: Firebase emulator must be running for local SignInScreenTest tests
	at org.junit.Assert.fail(Assert.java:89)

ch.epfllife.ui.authentication.SignInScreenTest > canHandleSignInFailureUserCollision[Pixel_8(AVD) - 14] [31mFAILED [0m
	java.lang.AssertionError: Firebase emulator must be running for local SignInScreenTest tests
	at org.junit.Assert.fail(Assert.java:89)

ch.epfllife.ui.authentication.SignInScreenTest > canHandleSignInFailureTaskCancellation[Pixel_8(AVD) - 14] [31mFAILED [0m
	java.lang.AssertionError: Firebase emulator must be running for local SignInScreenTest tests
	at org.junit.Assert.fail(Assert.java:89)

ch.epfllife.ui.authentication.SignInScreenTest > canSignIn[Pixel_8(AVD) - 14] [31mFAILED [0m
	java.lang.AssertionError: Firebase emulator must be running for local SignInScreenTest tests
	at org.junit.Assert.fail(Assert.java:89)

ch.epfllife.ui.authentication.SignInScreenTest > canHandleSignInCredentialException[Pixel_8(AVD) - 14] [31mFAILED [0m
	java.lang.AssertionError: Firebase emulator must be running for local SignInScreenTest tests
	at org.junit.Assert.fail(Assert.java:89)

Pixel_8(AVD) - 14 Tests 83/176 completed. (0 skipped) (5 failed)

> Task :app:connectedDebugAndroidTest

ch.epfllife.ui.authentication.SignInScreenTest > canHandleSignInCancellation[Pixel_8(AVD) - 14] [31mFAILED [0m
	java.lang.AssertionError: Firebase emulator must be running for local SignInScreenTest tests
	at org.junit.Assert.fail(Assert.java:89)

ch.epfllife.ui.authentication.SignInScreenTest > canHandleSignInFailureInvalidUser[Pixel_8(AVD) - 14] [31mFAILED [0m
	java.lang.AssertionError: Firebase emulator must be running for local SignInScreenTest tests
	at org.junit.Assert.fail(Assert.java:89)

ch.epfllife.ui.authentication.SignInScreenTest > contentIsDisplayed[Pixel_8(AVD) - 14] [31mFAILED [0m
	java.lang.AssertionError: Firebase emulator must be running for local SignInScreenTest tests
	at org.junit.Assert.fail(Assert.java:89)

ch.epfllife.ui.authentication.SignInScreenTest > canHandleSignInFailureNoUser[Pixel_8(AVD) - 14] [31mFAILED [0m
	java.lang.AssertionError: Firebase emulator must be running for local SignInScreenTest tests
	at org.junit.Assert.fail(Assert.java:89)

Pixel_8(AVD) - 14 Tests 93/176 completed. (0 skipped) (9 failed)

> Task :app:connectedDebugAndroidTest

ch.epfllife.ui.endToEnd.EndToEndTest > canExitWithDoubleBackPressFromMyEvents[Pixel_8(AVD) - 14] [31mFAILED [0m
	java.lang.AssertionError: Firebase emulator must be running for local EndToEndTest tests
	at org.junit.Assert.fail(Assert.java:89)

ch.epfllife.ui.endToEnd.EndToEndTest > canExitWithDoubleBackPressFromAssociationBrowser[Pixel_8(AVD) - 14] [31mFAILED [0m
	java.lang.AssertionError: Firebase emulator must be running for local EndToEndTest tests
	at org.junit.Assert.fail(Assert.java:89)

ch.epfllife.ui.endToEnd.EndToEndTest > canGoThroughAllTabs[Pixel_8(AVD) - 14] [31mFAILED [0m
	java.lang.AssertionError: Firebase emulator must be running for local EndToEndTest tests
	at org.junit.Assert.fail(Assert.java:89)

ch.epfllife.ui.endToEnd.EndToEndTest > canSignInAndOutAgain[Pixel_8(AVD) - 14] [31mFAILED [0m
	java.lang.AssertionError: Firebase emulator must be running for local EndToEndTest tests
	at org.junit.Assert.fail(Assert.java:89)

ch.epfllife.ui.endToEnd.EndToEndTest > canExitWithDoubleBackPressFromSettings[Pixel_8(AVD) - 14] [31mFAILED [0m
	java.lang.AssertionError: Firebase emulator must be running for local EndToEndTest tests
	at org.junit.Assert.fail(Assert.java:89)

ch.epfllife.ui.endToEnd.EndToEndTest > canExitWithBackPressFromHome[Pixel_8(AVD) - 14] [31mFAILED [0m
	java.lang.AssertionError: Firebase emulator must be running for local EndToEndTest tests
	at org.junit.Assert.fail(Assert.java:89)

Pixel_8(AVD) - 14 Tests 138/176 completed. (0 skipped) (15 failed)
Pixel_8(AVD) - 14 Tests 170/176 completed. (0 skipped) (15 failed)

> Task :app:connectedDebugAndroidTest

ch.epfllife.ui.settings.SettingsScreenTest > canSignOut[Pixel_8(AVD) - 14] [31mFAILED [0m
	java.lang.AssertionError: Firebase emulator must be running for local SettingsScreenTest tests
	at org.junit.Assert.fail(Assert.java:89)

ch.epfllife.ui.settings.SettingsScreenTest > contentIsDisplayed[Pixel_8(AVD) - 14] [31mFAILED [0m
	java.lang.AssertionError: Firebase emulator must be running for local SettingsScreenTest tests
	at org.junit.Assert.fail(Assert.java:89)
Tests on Pixel_8(AVD) - 14 failed: There was 17 failure(s).

Finished 176 tests on Pixel_8(AVD) - 14

> Task :app:connectedDebugAndroidTest FAILED

[Incubating] Problems report is available at: file:///Users/kianbahia/University/SwEnt/life/build/reports/problems/problems-report.html

FAILURE: Build failed with an exception.

* What went wrong:
Execution failed for task ':app:connectedDebugAndroidTest'.
> There were failing tests. See the report at: file:///Users/kianbahia/University/SwEnt/life/app/build/reports/androidTests/connected/debug/index.html

* Try:
> Run with --stacktrace option to get the stack trace.
> Run with --info or --debug option to get more log output.
> Run with --scan to get full insights.
> Get more help at https://help.gradle.org.

Deprecated Gradle features were used in this build, making it incompatible with Gradle 9.0.

You can use '--warning-mode all' to show the individual deprecation warnings and determine if they come from your own scripts or plugins.

For more on this, please refer to https://docs.gradle.org/8.13/userguide/command_line_interface.html#sec:command_line_warnings in the Gradle documentation.

BUILD FAILED in 1m 1s
74 actionable tasks: 8 executed, 66 up-to-date
